
> pinchpad@1.0.0 test
> vitest run


 RUN  v4.1.0 /home/dietpi/Documents/workspace-lucas/projects/Agents/PinchPad

stdout | test/integration/token-lifecycle.lobster.test.ts
[Database] Checking migrations...
[DB Migration] ✅  users.display_name
[Database] Migrations complete.

stdout | test/server/middleware/rateLimiter.lobster.test.ts
[Database] Checking migrations...
[DB Migration] ✅  users.display_name
[Database] Migrations complete.

stdout | test/errors/auth.errors.lobster.test.ts
[Database] Checking migrations...
[DB Migration] ✅  users.display_name
[Database] Migrations complete.

stdout | test/server/routes/notes.lobster.test.ts
[Database] Checking migrations...
[DB Migration] ✅  users.display_name
[Database] Migrations complete.

stdout | test/integration/cross-user-isolation.lobster.test.ts
[Database] Checking migrations...
[DB Migration] ✅  users.display_name
[Database] Migrations complete.

 ❯ test/integration/cross-user-isolation.lobster.test.ts (0 test)
 ❯ test/integration/token-lifecycle.lobster.test.ts (16 tests | 16 skipped) 13ms
       ↓ 1. Register user successfully
       ↓ 2. Get token with valid credentials
       ↓ 3. Use token for API call (GET /api/notes)
       ↓ 4. Create a note with valid token
       ↓ 5. Simulate token expiry by manually expiring it
       ↓ 6. Verify expired token returns 401
       ↓ 7. Verify token was deleted after expiry check
       ↓ 8. Get new token after expiry
       ↓ 9. Verify new token works for API calls
       ↓ 10. Logout user with valid token
       ↓ 11. Verify deleted token fails for API calls
       ↓ first login generates token
       ↓ second login invalidates previous token
       ↓ old token no longer works
       ↓ new token works
       ↓ token expires after TTL duration
stderr | test/errors/auth.errors.lobster.test.ts > Auth Errors — Error Path Coverage > Registration Errors > returns 409 on duplicate username
[Auth] Registration error: SqliteError: UNIQUE constraint failed: users.username
    at /home/dietpi/Documents/workspace-lucas/projects/Agents/PinchPad/src/server/routes/auth.ts:26:96
    at Layer.handle [as handle_request] (/home/dietpi/Documents/workspace-lucas/projects/Agents/PinchPad/node_modules/express/lib/router/layer.js:95:5)
    at next (/home/dietpi/Documents/workspace-lucas/projects/Agents/PinchPad/node_modules/express/lib/router/route.js:149:13)
    at /home/dietpi/Documents/workspace-lucas/projects/Agents/PinchPad/src/server/middleware/validate.ts:7:5
    at processTicksAndRejections (node:internal/process/task_queues:103:5) {
  code: 'SQLITE_CONSTRAINT_UNIQUE'
}

stderr | test/errors/auth.errors.lobster.test.ts > Auth Errors — Error Path Coverage > Registration Errors > returns 409 on duplicate keyHash
[Auth] Registration error: SqliteError: UNIQUE constraint failed: users.key_hash
    at /home/dietpi/Documents/workspace-lucas/projects/Agents/PinchPad/src/server/routes/auth.ts:26:96
    at Layer.handle [as handle_request] (/home/dietpi/Documents/workspace-lucas/projects/Agents/PinchPad/node_modules/express/lib/router/layer.js:95:5)
    at next (/home/dietpi/Documents/workspace-lucas/projects/Agents/PinchPad/node_modules/express/lib/router/route.js:149:13)
    at /home/dietpi/Documents/workspace-lucas/projects/Agents/PinchPad/src/server/middleware/validate.ts:7:5
    at processTicksAndRejections (node:internal/process/task_queues:103:5) {
  code: 'SQLITE_CONSTRAINT_UNIQUE'
}

 ❯ test/errors/auth.errors.lobster.test.ts (26 tests | 8 failed | 3 skipped) 301ms
       × returns 400 when uuid is missing 106ms
       × returns 400 when username is missing 13ms
       × returns 400 when keyHash is missing 8ms
       ✓ returns 409 on duplicate username 17ms
       ✓ returns 409 on duplicate keyHash 13ms
       ✓ prevents registration with empty username 6ms
       ✓ returns 404 when user not found 12ms
       ✓ returns 401 with invalid keyHash 21ms
       ✓ returns 404 when user not found (username without keyHash) 5ms
       ✓ returns 404 when user not found (keyHash only) 5ms
       × rejects login with timing-safe comparison 19ms
       × returns 400 when ownerKey is missing for agent type 5ms
       × returns 401 when agent key not found 5ms
       × returns 401 when agent key is inactive 7ms
       ✓ returns 400 for invalid auth type 6ms
       × returns 401 when token is missing 7ms
       ✓ returns 401 when token is invalid 4ms
       ✓ returns 401 when Authorization header is malformed 3ms
       ↓ returns 401 when token is expired
       ↓ detects and rejects expired tokens
       ✓ returns 401 when logout token is missing 8ms
       ✓ succeeds (200) even when logout token is invalid (idempotent) 4ms
       ✓ succeeds even if token already revoked 15ms
       ✓ removes token from database after logout 4ms
       ↓ includes RateLimit headers in responses
       ✓ 429 error message is clear when rate limited 1ms
stderr | test/server/middleware/rateLimiter.lobster.test.ts > Lobster Key Rate Limiting > Rate limit enforcement > allows requests up to the limit, then 429s
ValidationError: express-rate-limit instance should be created at app initialization, not when responding to a request. See https://express-rate-limit.github.io/ERR_ERL_CREATED_IN_REQUEST_HANDLER/ for more information.
    at Object.creationStack (file:///home/dietpi/Documents/workspace-lucas/projects/Agents/PinchPad/node_modules/express-rate-limit/dist/index.mjs:582:13)
    at Object.wrappedValidations.<computed> [as creationStack] (file:///home/dietpi/Documents/workspace-lucas/projects/Agents/PinchPad/node_modules/express-rate-limit/dist/index.mjs:656:22)
    at rateLimit (file:///home/dietpi/Documents/workspace-lucas/projects/Agents/PinchPad/node_modules/express-rate-limit/dist/index.mjs:809:22)
    at /home/dietpi/Documents/workspace-lucas/projects/Agents/PinchPad/src/server/middleware/rateLimiter.ts:65:37
    at requireAuth (/home/dietpi/Documents/workspace-lucas/projects/Agents/PinchPad/src/server/middleware/auth.ts:103:3)
    at Layer.handle [as handle_request] (/home/dietpi/Documents/workspace-lucas/projects/Agents/PinchPad/node_modules/express/lib/router/layer.js:95:5)
    at next (/home/dietpi/Documents/workspace-lucas/projects/Agents/PinchPad/node_modules/express/lib/router/route.js:149:13)
    at Route.dispatch (/home/dietpi/Documents/workspace-lucas/projects/Agents/PinchPad/node_modules/express/lib/router/route.js:119:3)
    at Layer.handle [as handle_request] (/home/dietpi/Documents/workspace-lucas/projects/Agents/PinchPad/node_modules/express/lib/router/layer.js:95:5)
    at /home/dietpi/Documents/workspace-lucas/projects/Agents/PinchPad/node_modules/express/lib/router/index.js:284:15 {
  code: 'ERR_ERL_CREATED_IN_REQUEST_HANDLER',
  help: 'https://express-rate-limit.github.io/ERR_ERL_CREATED_IN_REQUEST_HANDLER/'
}

stderr | test/server/middleware/rateLimiter.lobster.test.ts > Lobster Key Rate Limiting > Rate limit enforcement > enforces per-key rate limits independently
ValidationError: express-rate-limit instance should be created at app initialization, not when responding to a request. See https://express-rate-limit.github.io/ERR_ERL_CREATED_IN_REQUEST_HANDLER/ for more information.
    at Object.creationStack (file:///home/dietpi/Documents/workspace-lucas/projects/Agents/PinchPad/node_modules/express-rate-limit/dist/index.mjs:582:13)
    at Object.wrappedValidations.<computed> [as creationStack] (file:///home/dietpi/Documents/workspace-lucas/projects/Agents/PinchPad/node_modules/express-rate-limit/dist/index.mjs:656:22)
    at rateLimit (file:///home/dietpi/Documents/workspace-lucas/projects/Agents/PinchPad/node_modules/express-rate-limit/dist/index.mjs:809:22)
    at /home/dietpi/Documents/workspace-lucas/projects/Agents/PinchPad/src/server/middleware/rateLimiter.ts:65:37
    at requireAuth (/home/dietpi/Documents/workspace-lucas/projects/Agents/PinchPad/src/server/middleware/auth.ts:103:3)
    at Layer.handle [as handle_request] (/home/dietpi/Documents/workspace-lucas/projects/Agents/PinchPad/node_modules/express/lib/router/layer.js:95:5)
    at next (/home/dietpi/Documents/workspace-lucas/projects/Agents/PinchPad/node_modules/express/lib/router/route.js:149:13)
    at Route.dispatch (/home/dietpi/Documents/workspace-lucas/projects/Agents/PinchPad/node_modules/express/lib/router/route.js:119:3)
    at Layer.handle [as handle_request] (/home/dietpi/Documents/workspace-lucas/projects/Agents/PinchPad/node_modules/express/lib/router/layer.js:95:5)
    at /home/dietpi/Documents/workspace-lucas/projects/Agents/PinchPad/node_modules/express/lib/router/index.js:284:15 {
  code: 'ERR_ERL_CREATED_IN_REQUEST_HANDLER',
  help: 'https://express-rate-limit.github.io/ERR_ERL_CREATED_IN_REQUEST_HANDLER/'
}

 ✓ test/server/routes/notes.lobster.test.ts (29 tests | 1 skipped) 480ms
stderr | test/server/middleware/rateLimiter.lobster.test.ts > Lobster Key Rate Limiting > Rate limit enforcement > enforces per-key rate limits independently
ValidationError: express-rate-limit instance should be created at app initialization, not when responding to a request. See https://express-rate-limit.github.io/ERR_ERL_CREATED_IN_REQUEST_HANDLER/ for more information.
    at Object.creationStack (file:///home/dietpi/Documents/workspace-lucas/projects/Agents/PinchPad/node_modules/express-rate-limit/dist/index.mjs:582:13)
    at Object.wrappedValidations.<computed> [as creationStack] (file:///home/dietpi/Documents/workspace-lucas/projects/Agents/PinchPad/node_modules/express-rate-limit/dist/index.mjs:656:22)
    at rateLimit (file:///home/dietpi/Documents/workspace-lucas/projects/Agents/PinchPad/node_modules/express-rate-limit/dist/index.mjs:809:22)
    at /home/dietpi/Documents/workspace-lucas/projects/Agents/PinchPad/src/server/middleware/rateLimiter.ts:65:37
    at requireAuth (/home/dietpi/Documents/workspace-lucas/projects/Agents/PinchPad/src/server/middleware/auth.ts:103:3)
    at Layer.handle [as handle_request] (/home/dietpi/Documents/workspace-lucas/projects/Agents/PinchPad/node_modules/express/lib/router/layer.js:95:5)
    at next (/home/dietpi/Documents/workspace-lucas/projects/Agents/PinchPad/node_modules/express/lib/router/route.js:149:13)
    at Route.dispatch (/home/dietpi/Documents/workspace-lucas/projects/Agents/PinchPad/node_modules/express/lib/router/route.js:119:3)
    at Layer.handle [as handle_request] (/home/dietpi/Documents/workspace-lucas/projects/Agents/PinchPad/node_modules/express/lib/router/layer.js:95:5)
    at /home/dietpi/Documents/workspace-lucas/projects/Agents/PinchPad/node_modules/express/lib/router/index.js:284:15 {
  code: 'ERR_ERL_CREATED_IN_REQUEST_HANDLER',
  help: 'https://express-rate-limit.github.io/ERR_ERL_CREATED_IN_REQUEST_HANDLER/'
}

stderr | test/server/middleware/rateLimiter.lobster.test.ts > Lobster Key Rate Limiting > Rate limit enforcement > includes rate limit headers in response
ValidationError: express-rate-limit instance should be created at app initialization, not when responding to a request. See https://express-rate-limit.github.io/ERR_ERL_CREATED_IN_REQUEST_HANDLER/ for more information.
    at Object.creationStack (file:///home/dietpi/Documents/workspace-lucas/projects/Agents/PinchPad/node_modules/express-rate-limit/dist/index.mjs:582:13)
    at Object.wrappedValidations.<computed> [as creationStack] (file:///home/dietpi/Documents/workspace-lucas/projects/Agents/PinchPad/node_modules/express-rate-limit/dist/index.mjs:656:22)
    at rateLimit (file:///home/dietpi/Documents/workspace-lucas/projects/Agents/PinchPad/node_modules/express-rate-limit/dist/index.mjs:809:22)
    at /home/dietpi/Documents/workspace-lucas/projects/Agents/PinchPad/src/server/middleware/rateLimiter.ts:65:37
    at requireAuth (/home/dietpi/Documents/workspace-lucas/projects/Agents/PinchPad/src/server/middleware/auth.ts:103:3)
    at Layer.handle [as handle_request] (/home/dietpi/Documents/workspace-lucas/projects/Agents/PinchPad/node_modules/express/lib/router/layer.js:95:5)
    at next (/home/dietpi/Documents/workspace-lucas/projects/Agents/PinchPad/node_modules/express/lib/router/route.js:149:13)
    at Route.dispatch (/home/dietpi/Documents/workspace-lucas/projects/Agents/PinchPad/node_modules/express/lib/router/route.js:119:3)
    at Layer.handle [as handle_request] (/home/dietpi/Documents/workspace-lucas/projects/Agents/PinchPad/node_modules/express/lib/router/layer.js:95:5)
    at /home/dietpi/Documents/workspace-lucas/projects/Agents/PinchPad/node_modules/express/lib/router/index.js:284:15 {
  code: 'ERR_ERL_CREATED_IN_REQUEST_HANDLER',
  help: 'https://express-rate-limit.github.io/ERR_ERL_CREATED_IN_REQUEST_HANDLER/'
}

stderr | test/server/middleware/rateLimiter.lobster.test.ts > Lobster Key Rate Limiting > Rate limiting applied when rate_limit is set > attaches rate_limit and lobsterKeyId to req.user from DB
ValidationError: express-rate-limit instance should be created at app initialization, not when responding to a request. See https://express-rate-limit.github.io/ERR_ERL_CREATED_IN_REQUEST_HANDLER/ for more information.
    at Object.creationStack (file:///home/dietpi/Documents/workspace-lucas/projects/Agents/PinchPad/node_modules/express-rate-limit/dist/index.mjs:582:13)
    at Object.wrappedValidations.<computed> [as creationStack] (file:///home/dietpi/Documents/workspace-lucas/projects/Agents/PinchPad/node_modules/express-rate-limit/dist/index.mjs:656:22)
    at rateLimit (file:///home/dietpi/Documents/workspace-lucas/projects/Agents/PinchPad/node_modules/express-rate-limit/dist/index.mjs:809:22)
    at /home/dietpi/Documents/workspace-lucas/projects/Agents/PinchPad/src/server/middleware/rateLimiter.ts:65:37
    at requireAuth (/home/dietpi/Documents/workspace-lucas/projects/Agents/PinchPad/src/server/middleware/auth.ts:103:3)
    at Layer.handle [as handle_request] (/home/dietpi/Documents/workspace-lucas/projects/Agents/PinchPad/node_modules/express/lib/router/layer.js:95:5)
    at next (/home/dietpi/Documents/workspace-lucas/projects/Agents/PinchPad/node_modules/express/lib/router/route.js:149:13)
    at Route.dispatch (/home/dietpi/Documents/workspace-lucas/projects/Agents/PinchPad/node_modules/express/lib/router/route.js:119:3)
    at Layer.handle [as handle_request] (/home/dietpi/Documents/workspace-lucas/projects/Agents/PinchPad/node_modules/express/lib/router/layer.js:95:5)
    at /home/dietpi/Documents/workspace-lucas/projects/Agents/PinchPad/node_modules/express/lib/router/index.js:284:15 {
  code: 'ERR_ERL_CREATED_IN_REQUEST_HANDLER',
  help: 'https://express-rate-limit.github.io/ERR_ERL_CREATED_IN_REQUEST_HANDLER/'
}

 ✓ test/server/middleware/rateLimiter.lobster.test.ts (7 tests) 527ms
stdout | test/server/routes/agents.lobster.test.ts
[Database] Checking migrations...
[DB Migration] ✅  users.display_name
[Database] Migrations complete.

stdout | test/server/routes/auth.lobster.test.ts
[Database] Checking migrations...
[DB Migration] ✅  users.display_name
[Database] Migrations complete.

stdout | test/server/middleware/auth.lobster.test.ts
[Database] Checking migrations...
[DB Migration] ✅  users.display_name
[Database] Migrations complete.

stdout | test/security/auth.security.lobster.test.ts
[Database] Checking migrations...
[DB Migration] ✅  users.display_name
[Database] Migrations complete.

stdout | test/server/routes/auditLog.lobster.test.ts
[Database] Checking migrations...
[DB Migration] ✅  users.display_name
[Database] Migrations complete.

stderr | test/server/routes/auth.lobster.test.ts > Auth Routes > POST /api/auth/register > rejects duplicate username
[Auth] Registration error: SqliteError: UNIQUE constraint failed: users.username
    at /home/dietpi/Documents/workspace-lucas/projects/Agents/PinchPad/src/server/routes/auth.ts:26:96
    at Layer.handle [as handle_request] (/home/dietpi/Documents/workspace-lucas/projects/Agents/PinchPad/node_modules/express/lib/router/layer.js:95:5)
    at next (/home/dietpi/Documents/workspace-lucas/projects/Agents/PinchPad/node_modules/express/lib/router/route.js:149:13)
    at /home/dietpi/Documents/workspace-lucas/projects/Agents/PinchPad/src/server/middleware/validate.ts:7:5
    at processTicksAndRejections (node:internal/process/task_queues:103:5) {
  code: 'SQLITE_CONSTRAINT_UNIQUE'
}

 ✓ test/server/routes/auth.lobster.test.ts (11 tests) 176ms
 ✓ test/server/routes/agents.lobster.test.ts (28 tests | 2 skipped) 298ms
stderr | test/server/routes/auditLog.lobster.test.ts > Audit Logging — Auth Events > AUTH_REGISTER_FAILURE — Duplicate username > does not log AUTH_REGISTER on failure
[Auth] Registration error: SqliteError: UNIQUE constraint failed: users.username
    at /home/dietpi/Documents/workspace-lucas/projects/Agents/PinchPad/src/server/routes/auth.ts:26:96
    at Layer.handle [as handle_request] (/home/dietpi/Documents/workspace-lucas/projects/Agents/PinchPad/node_modules/express/lib/router/layer.js:95:5)
    at next (/home/dietpi/Documents/workspace-lucas/projects/Agents/PinchPad/node_modules/express/lib/router/route.js:149:13)
    at /home/dietpi/Documents/workspace-lucas/projects/Agents/PinchPad/src/server/middleware/validate.ts:7:5
    at processTicksAndRejections (node:internal/process/task_queues:103:5) {
  code: 'SQLITE_CONSTRAINT_UNIQUE'
}

 ✓ test/security/auth.security.lobster.test.ts (17 tests | 4 skipped) 273ms
 ✓ test/server/routes/auditLog.lobster.test.ts (12 tests | 4 skipped) 181ms
 ✓ test/server/middleware/auth.lobster.test.ts (10 tests) 84ms
 ✓ test/lib/crypto.lobster.test.ts (6 tests) 21ms
 ✓ test/services/authService.lobster.test.ts (6 tests) 9ms

⎯⎯⎯⎯⎯⎯ Failed Suites 2 ⎯⎯⎯⎯⎯⎯⎯

 FAIL  test/integration/cross-user-isolation.lobster.test.ts [ test/integration/cross-user-isolation.lobster.test.ts ]
TypeError: crypto.createHash is not a function
 ❯ test/integration/cross-user-isolation.lobster.test.ts:17:21
     15|     uuid: crypto.randomUUID(),
     16|     username: 'useraisolation',
     17|     keyHash: crypto.createHash('sha256').update('user-a-secret').diges…
       |                     ^
     18|     displayName: 'User A'
     19|   };

⎯⎯⎯⎯⎯⎯⎯⎯⎯⎯⎯⎯⎯⎯⎯⎯⎯⎯⎯⎯⎯⎯⎯[1/10]⎯

 FAIL  test/integration/token-lifecycle.lobster.test.ts > Token Lifecycle Integration
SqliteError: near ")": syntax error
 ❯ Database.exec node_modules/better-sqlite3-multiple-ciphers/lib/methods/wrappers.js:19:14
 ❯ test/integration/token-lifecycle.lobster.test.ts:25:8
     23|
     24|     // Initialize schema
     25|     db.exec(`
       |        ^
     26|       CREATE TABLE users (
     27|         uuid TEXT PRIMARY KEY,

⎯⎯⎯⎯⎯⎯⎯⎯⎯⎯⎯⎯⎯⎯⎯⎯⎯⎯⎯⎯⎯⎯⎯[2/10]⎯


⎯⎯⎯⎯⎯⎯⎯ Failed Tests 8 ⎯⎯⎯⎯⎯⎯⎯

 FAIL  test/errors/auth.errors.lobster.test.ts > Auth Errors — Error Path Coverage > Registration Errors > returns 400 when uuid is missing
AssertionError: expected 'Validation Error: Your request form i…' to be 'Validation failed' // Object.is equality

Expected: "Validation failed"
Received: "Validation Error: Your request form is malformed"

 ❯ test/errors/auth.errors.lobster.test.ts:39:35
     37|
     38|       expect(response.status).toBe(400);
     39|       expect(response.body.error).toBe('Validation failed');
       |                                   ^
     40|     });
     41|

⎯⎯⎯⎯⎯⎯⎯⎯⎯⎯⎯⎯⎯⎯⎯⎯⎯⎯⎯⎯⎯⎯⎯[3/10]⎯

 FAIL  test/errors/auth.errors.lobster.test.ts > Auth Errors — Error Path Coverage > Registration Errors > returns 400 when username is missing
AssertionError: expected 'Validation Error: Your request form i…' to be 'Validation failed' // Object.is equality

Expected: "Validation failed"
Received: "Validation Error: Your request form is malformed"

 ❯ test/errors/auth.errors.lobster.test.ts:49:35
     47|
     48|       expect(response.status).toBe(400);
     49|       expect(response.body.error).toBe('Validation failed');
       |                                   ^
     50|     });
     51|

⎯⎯⎯⎯⎯⎯⎯⎯⎯⎯⎯⎯⎯⎯⎯⎯⎯⎯⎯⎯⎯⎯⎯[4/10]⎯

 FAIL  test/errors/auth.errors.lobster.test.ts > Auth Errors — Error Path Coverage > Registration Errors > returns 400 when keyHash is missing
AssertionError: expected 'Validation Error: Your request form i…' to be 'Validation failed' // Object.is equality

Expected: "Validation failed"
Received: "Validation Error: Your request form is malformed"

 ❯ test/errors/auth.errors.lobster.test.ts:59:35
     57|
     58|       expect(response.status).toBe(400);
     59|       expect(response.body.error).toBe('Validation failed');
       |                                   ^
     60|     });
     61|

⎯⎯⎯⎯⎯⎯⎯⎯⎯⎯⎯⎯⎯⎯⎯⎯⎯⎯⎯⎯⎯⎯⎯[5/10]⎯

 FAIL  test/errors/auth.errors.lobster.test.ts > Auth Errors — Error Path Coverage > Login Errors — Human Keys > rejects login with timing-safe comparison
AssertionError: expected 429 to be 401 // Object.is equality

- Expected
+ Received

- 401
+ 429

 ❯ test/errors/auth.errors.lobster.test.ts:179:32
    177|       });
    178|
    179|       expect(response1.status).toBe(401);
       |                                ^
    180|       expect(response2.status).toBe(401);
    181|       // Both should take similar time (timing-safe comparison)

⎯⎯⎯⎯⎯⎯⎯⎯⎯⎯⎯⎯⎯⎯⎯⎯⎯⎯⎯⎯⎯⎯⎯[6/10]⎯

 FAIL  test/errors/auth.errors.lobster.test.ts > Auth Errors — Error Path Coverage > Login Errors — Agent Keys > returns 400 when ownerKey is missing for agent type
AssertionError: expected 429 to be 400 // Object.is equality

- Expected
+ Received

- 400
+ 429

 ❯ test/errors/auth.errors.lobster.test.ts:191:31
    189|       });
    190|
    191|       expect(response.status).toBe(400);
       |                               ^
    192|       expect(response.body.error).toBe('Invalid lobster key');
    193|     });

⎯⎯⎯⎯⎯⎯⎯⎯⎯⎯⎯⎯⎯⎯⎯⎯⎯⎯⎯⎯⎯⎯⎯[7/10]⎯

 FAIL  test/errors/auth.errors.lobster.test.ts > Auth Errors — Error Path Coverage > Login Errors — Agent Keys > returns 401 when agent key not found
AssertionError: expected 429 to be 401 // Object.is equality

- Expected
+ Received

- 401
+ 429

 ❯ test/errors/auth.errors.lobster.test.ts:203:31
    201|       });
    202|
    203|       expect(response.status).toBe(401);
       |                               ^
    204|       expect(response.body.error).toContain('Invalid');
    205|     });

⎯⎯⎯⎯⎯⎯⎯⎯⎯⎯⎯⎯⎯⎯⎯⎯⎯⎯⎯⎯⎯⎯⎯[8/10]⎯

 FAIL  test/errors/auth.errors.lobster.test.ts > Auth Errors — Error Path Coverage > Login Errors — Agent Keys > returns 401 when agent key is inactive
AssertionError: expected 429 to be 401 // Object.is equality

- Expected
+ Received

- 401
+ 429

 ❯ test/errors/auth.errors.lobster.test.ts:216:31
    214|       });
    215|
    216|       expect(response.status).toBe(401);
       |                               ^
    217|       expect(response.body.error).toContain('Invalid');
    218|     });

⎯⎯⎯⎯⎯⎯⎯⎯⎯⎯⎯⎯⎯⎯⎯⎯⎯⎯⎯⎯⎯⎯⎯[9/10]⎯

 FAIL  test/errors/auth.errors.lobster.test.ts > Auth Errors — Error Path Coverage > Token Verification Errors > returns 401 when token is missing
AssertionError: expected 'Unauthorized: no Bearer token' to contain 'Missing'

Expected: "Missing"
Received: "Unauthorized: no Bearer token"

 ❯ test/errors/auth.errors.lobster.test.ts:241:35
    239|
    240|       expect(response.status).toBe(401);
    241|       expect(response.body.error).toContain('Missing');
       |                                   ^
    242|     });
    243|

⎯⎯⎯⎯⎯⎯⎯⎯⎯⎯⎯⎯⎯⎯⎯⎯⎯⎯⎯⎯⎯⎯[10/10]⎯


 Test Files  3 failed | 9 passed (12)
      Tests  8 failed | 130 passed | 30 skipped (168)
   Start at  00:42:40
   Duration  3.93s (transform 1.86s, setup 219ms, import 8.17s, tests 2.36s, environment 1.33s)

